INFO System started
WARNING Low memory
ERROR Failed to connect
ERROR Disk issue
